// Jest Snapshot v1, https://goo.gl/fbAQLP

exports[`The Product section renders 1`] = `
<div>
  <div
    class="animate-fadeInUp mx-auto flex max-w-6xl flex-col items-center gap-12 py-12 md:py-16 px-4"
  >
    <div
      class="flex flex-col items-center text-center space-y-4 max-w-3xl"
    >
      <div
        class="inline-flex items-center space-x-2 bg-brand-100/70 border border-brand-200/50 rounded-full px-4 py-1.5 text-xs font-bold text-brand-800 backdrop-blur-md"
      >
        <span>
          🍳 THE INTELLIGENT CULINARY ENGINE
        </span>
      </div>
      <h1
        class="text-4xl md:text-5xl font-black text-neutral-900 leading-tight"
      >
        How It 
        <span
          class="text-gradient-gold"
        >
          Works
        </span>
      </h1>
      <p
        class="text-base md:text-lg text-neutral-600 max-w-2xl leading-relaxed"
      >
        RecipeNest's step-by-step smart path allows anyone to cook like a Michelin-star chef, utilizing whatever ingredients are currently in your kitchen.
      </p>
    </div>
    <div
      class="grid grid-cols-1 md:grid-cols-2 lg:grid-cols-4 gap-6 w-full mt-4"
    >
      <div
        class="flex flex-col p-6 glass-card glass-card-hover rounded-2xl border border-white/60 shadow-md transition-all duration-300 relative group"
      >
        <div
          class="absolute top-4 right-4 bg-brand-50 text-brand-700 text-xs font-black px-2.5 py-1 rounded-full border border-brand-100"
        >
          Step 1
        </div>
        <div
          class="p-3 bg-white rounded-xl shadow-md border border-neutral-100/80 w-fit flex items-center justify-center mb-5 group-hover:scale-110 transition-transform duration-300"
        >
          <svg
            aria-hidden="true"
            class="h-7 w-7 text-brand-600"
            data-slot="icon"
            fill="none"
            stroke="currentColor"
            stroke-width="1.5"
            viewBox="0 0 24 24"
            xmlns="http://www.w3.org/2000/svg"
          >
            <path
              d="M15.042 21.672 13.684 16.6m0 0-2.51 2.225.569-9.47 5.227 7.917-3.286-.672ZM12 2.25V4.5m5.834.166-1.591 1.591M20.25 10.5H18M7.757 14.743l-1.59 1.59M6 10.5H3.75m4.007-4.243-1.59-1.59"
              stroke-linecap="round"
              stroke-linejoin="round"
            />
          </svg>
        </div>
        <div
          class="flex-grow flex flex-col justify-between"
        >
          <div>
            <span
              class="text-[10px] font-black text-accent-600 tracking-wider uppercase block mb-1"
            >
              ZERO WASTE COOKING
            </span>
            <h3
              class="text-lg font-bold text-neutral-800 tracking-tight leading-snug mb-3"
            >
              Smart Pantry Input
            </h3>
            <p
              class="text-sm text-neutral-600 leading-relaxed"
            >
              Simply enter the ingredients remaining in your fridge or pantry. Our intelligent autocompletion system recognizes thousands of items, spices, and proteins, allowing you to maximize ingredients and eliminate food waste.
            </p>
          </div>
        </div>
      </div>
      <div
        class="flex flex-col p-6 glass-card glass-card-hover rounded-2xl border border-white/60 shadow-md transition-all duration-300 relative group"
      >
        <div
          class="absolute top-4 right-4 bg-brand-50 text-brand-700 text-xs font-black px-2.5 py-1 rounded-full border border-brand-100"
        >
          Step 2
        </div>
        <div
          class="p-3 bg-white rounded-xl shadow-md border border-neutral-100/80 w-fit flex items-center justify-center mb-5 group-hover:scale-110 transition-transform duration-300"
        >
          <svg
            aria-hidden="true"
            class="h-7 w-7 text-accent-500"
            data-slot="icon"
            fill="none"
            stroke="currentColor"
            stroke-width="1.5"
            viewBox="0 0 24 24"
            xmlns="http://www.w3.org/2000/svg"
          >
            <path
              d="M9.813 15.904 9 18.75l-.813-2.846a4.5 4.5 0 0 0-3.09-3.09L2.25 12l2.846-.813a4.5 4.5 0 0 0 3.09-3.09L9 5.25l.813 2.846a4.5 4.5 0 0 0 3.09 3.09L15.75 12l-2.846.813a4.5 4.5 0 0 0-3.09 3.09ZM18.259 8.715 18 9.75l-.259-1.035a3.375 3.375 0 0 0-2.455-2.456L14.25 6l1.036-.259a3.375 3.375 0 0 0 2.455-2.456L18 2.25l.259 1.035a3.375 3.375 0 0 0 2.456 2.456L21.75 6l-1.035.259a3.375 3.375 0 0 0-2.456 2.456ZM16.894 20.567 16.5 21.75l-.394-1.183a2.25 2.25 0 0 0-1.423-1.423L13.5 18.75l1.183-.394a2.25 2.25 0 0 0 1.423-1.423l.394-1.183.394 1.183a2.25 2.25 0 0 0 1.423 1.423l1.183.394-1.183.394a2.25 2.25 0 0 0-1.423 1.423Z"
              stroke-linecap="round"
              stroke-linejoin="round"
            />
          </svg>
        </div>
        <div
          class="flex-grow flex flex-col justify-between"
        >
          <div>
            <span
              class="text-[10px] font-black text-accent-600 tracking-wider uppercase block mb-1"
            >
              TAILORED TO YOUR BODY
            </span>
            <h3
              class="text-lg font-bold text-neutral-800 tracking-tight leading-snug mb-3"
            >
              Hyper-Personalized Filtering
            </h3>
            <p
              class="text-sm text-neutral-600 leading-relaxed"
            >
              Configure your exact dietary goals and restrictions. Whether you follow a strict Keto regimen, Low-FODMAP, high-protein muscle building, or have specific allergen limitations, the engine structures recommendations to fit.
            </p>
          </div>
        </div>
      </div>
      <div
        class="flex flex-col p-6 glass-card glass-card-hover rounded-2xl border border-white/60 shadow-md transition-all duration-300 relative group"
      >
        <div
          class="absolute top-4 right-4 bg-brand-50 text-brand-700 text-xs font-black px-2.5 py-1 rounded-full border border-brand-100"
        >
          Step 3
        </div>
        <div
          class="p-3 bg-white rounded-xl shadow-md border border-neutral-100/80 w-fit flex items-center justify-center mb-5 group-hover:scale-110 transition-transform duration-300"
        >
          <svg
            aria-hidden="true"
            class="h-7 w-7 text-brand-500"
            data-slot="icon"
            fill="none"
            stroke="currentColor"
            stroke-width="1.5"
            viewBox="0 0 24 24"
            xmlns="http://www.w3.org/2000/svg"
          >
            <path
              d="M16.5 3.75V16.5L12 14.25 7.5 16.5V3.75m9 0H18A2.25 2.25 0 0 1 20.25 6v12A2.25 2.25 0 0 1 18 20.25H6A2.25 2.25 0 0 1 3.75 18V6A2.25 2.25 0 0 1 6 3.75h1.5m9 0h-9"
              stroke-linecap="round"
              stroke-linejoin="round"
            />
          </svg>
        </div>
        <div
          class="flex-grow flex flex-col justify-between"
        >
          <div>
            <span
              class="text-[10px] font-black text-accent-600 tracking-wider uppercase block mb-1"
            >
              LLAMA 3.3 & GROQ AI
            </span>
            <h3
              class="text-lg font-bold text-neutral-800 tracking-tight leading-snug mb-3"
            >
              Instant AI Generation
            </h3>
            <p
              class="text-sm text-neutral-600 leading-relaxed"
            >
              Watch as our real-time AI analyzes your ingredients and creates three tailored recipes. Each generation includes exact preparation times, caloric and macronutrient breakdowns, precise measurements, and plating tips.
            </p>
          </div>
        </div>
      </div>
      <div
        class="flex flex-col p-6 glass-card glass-card-hover rounded-2xl border border-white/60 shadow-md transition-all duration-300 relative group"
      >
        <div
          class="absolute top-4 right-4 bg-brand-50 text-brand-700 text-xs font-black px-2.5 py-1 rounded-full border border-brand-100"
        >
          Step 4
        </div>
        <div
          class="p-3 bg-white rounded-xl shadow-md border border-neutral-100/80 w-fit flex items-center justify-center mb-5 group-hover:scale-110 transition-transform duration-300"
        >
          <svg
            aria-hidden="true"
            class="h-7 w-7 text-accent-600"
            data-slot="icon"
            fill="none"
            stroke="currentColor"
            stroke-width="1.5"
            viewBox="0 0 24 24"
            xmlns="http://www.w3.org/2000/svg"
          >
            <path
              d="M6.633 10.25c.806 0 1.533-.446 2.031-1.08a9.041 9.041 0 0 1 2.861-2.4c.723-.384 1.35-.956 1.653-1.715a4.498 4.498 0 0 0 .322-1.672V2.75a.75.75 0 0 1 .75-.75 2.25 2.25 0 0 1 2.25 2.25c0 1.152-.26 2.243-.723 3.218-.266.558.107 1.282.725 1.282m0 0h3.126c1.026 0 1.945.694 2.054 1.715.045.422.068.85.068 1.285a11.95 11.95 0 0 1-2.649 7.521c-.388.482-.987.729-1.605.729H13.48c-.483 0-.964-.078-1.423-.23l-3.114-1.04a4.501 4.501 0 0 0-1.423-.23H5.904m10.598-9.75H14.25M5.904 18.5c.083.205.173.405.27.602.197.4-.078.898-.523.898h-.908c-.889 0-1.713-.518-1.972-1.368a12 12 0 0 1-.521-3.507c0-1.553.295-3.036.831-4.398C3.387 9.953 4.167 9.5 5 9.5h1.053c.472 0 .745.556.5.96a8.958 8.958 0 0 0-1.302 4.665c0 1.194.232 2.333.654 3.375Z"
              stroke-linecap="round"
              stroke-linejoin="round"
            />
          </svg>
        </div>
        <div
          class="flex-grow flex flex-col justify-between"
        >
          <div>
            <span
              class="text-[10px] font-black text-accent-600 tracking-wider uppercase block mb-1"
            >
              YOUR VIRTUAL SOUS CHEF
            </span>
            <h3
              class="text-lg font-bold text-neutral-800 tracking-tight leading-snug mb-3"
            >
              Interactive Kitchen Guide
            </h3>
            <p
              class="text-sm text-neutral-600 leading-relaxed"
            >
              Follow clear, easy-to-read cooking steps. Save your favorite culinary creations to your cloud-sync profile, leave cooking notes for next time, or ask the real-time AI Sous-Chef chat assistant for substitutions.
            </p>
          </div>
        </div>
      </div>
    </div>
    <div
      class="w-full glass-card p-8 rounded-2xl border border-white/60 shadow-md text-left mt-4 flex flex-col md:flex-row items-center gap-8"
    >
      <div
        class="text-5xl md:text-6xl flex-shrink-0 animate-bounce"
      >
        ⚡
      </div>
      <div>
        <h3
          class="text-xl font-bold text-neutral-800 mb-2"
        >
          Under the Hood: The Llama 3.3 Culinary Brain
        </h3>
        <p
          class="text-sm text-neutral-600 leading-relaxed"
        >
          Every time you search, our system connects directly to the Llama 3.3 model via high-speed Groq API endpoints. Instead of static mock data or simple keyword matching, the AI evaluates ingredient flavor compatibility, cooking chemistry, and preparation logistics dynamically in under 200 milliseconds to construct custom recipes.
        </p>
      </div>
    </div>
    <div
      class="flex gap-4 mt-4"
    >
      <button
        class="rounded-xl bg-gradient-to-r from-brand-500 to-brand-600 px-8 py-4 text-sm font-bold text-white shadow-lg glow-gold hover:from-brand-600 hover:to-brand-700 transition duration-300"
      >
        Get Started Now
      </button>
      <button
        class="rounded-xl bg-neutral-100 px-8 py-4 text-sm font-bold text-neutral-700 border border-neutral-200/60 hover:bg-neutral-200 transition duration-300"
      >
        Back to Home
      </button>
    </div>
  </div>
</div>
`;
