// Jest Snapshot v1, https://goo.gl/fbAQLP

exports[`The Layout renders the Loading wheel if session is loading 1`] = `
<div>
  <div
    class="flex items-center justify-center mt-5"
  >
    <div
      class="relative"
    >
      <div
        class="h-24 w-24 rounded-full border-t-8 border-b-8 border-gray-200"
      />
      <div
        class="absolute top-0 left-0 h-24 w-24 rounded-full border-t-8 border-b-8 border-blue-500 animate-spin"
      />
    </div>
  </div>
</div>
`;

exports[`The Layout renders the hero if the user is not authenticated 1`] = `
<div>
  <div
    class="min-h-screen bg-gradient-to-b from-[#fffbf2] via-[#fffbf6] to-white relative overflow-hidden"
  >
    <header
      class="fixed inset-x-0 top-4 z-header mx-auto max-w-5xl px-4"
    >
      <nav
        aria-label="Global"
        class="flex items-center justify-between px-6 py-3 rounded-2xl glass-nav border border-white/60 shadow-lg"
      >
        <div
          class="flex lg:flex-1"
        >
          <button
            class="-m-1.5 p-1.5 flex items-center gap-2 hover:opacity-85 transition"
          >
            <span
              class="sr-only"
            >
              Smart Recipe Generator
            </span>
            <div
              class="relative w-9 h-9 rounded-xl overflow-hidden bg-brand-500 flex items-center justify-center shadow-md"
            >
              <img
                alt="RecipeNest Logo"
                class="p-1 object-contain"
                data-nimg="fill"
                decoding="async"
                loading="lazy"
                src="/logo.svg"
                style="position: absolute; height: 100%; width: 100%; left: 0px; top: 0px; right: 0px; bottom: 0px; color: transparent;"
              />
            </div>
            <span
              class="font-extrabold text-lg text-neutral-800 tracking-tight font-heading"
            >
              Recipe
              <span
                class="text-brand-600"
              >
                Nest
              </span>
            </span>
          </button>
        </div>
        <div
          class="flex lg:hidden"
        >
          <button
            class="-m-2.5 inline-flex items-center justify-center rounded-xl p-2.5 text-neutral-700 hover:bg-neutral-100 transition"
            type="button"
          >
            <span
              class="sr-only"
            >
              Open main menu
            </span>
            <svg
              aria-hidden="true"
              class="h-6 w-6"
              data-slot="icon"
              fill="none"
              stroke="currentColor"
              stroke-width="1.5"
              viewBox="0 0 24 24"
              xmlns="http://www.w3.org/2000/svg"
            >
              <path
                d="M3.75 6.75h16.5M3.75 12h16.5m-16.5 5.25h16.5"
                stroke-linecap="round"
                stroke-linejoin="round"
              />
            </svg>
          </button>
        </div>
        <div
          class="hidden lg:flex lg:gap-x-8"
        >
          <button
            class="text-sm font-semibold leading-6 transition duration-200 px-3 py-1.5 rounded-lg text-neutral-600 hover:text-brand-600 hover:bg-neutral-50"
          >
            Product
          </button>
          <button
            class="text-sm font-semibold leading-6 transition duration-200 px-3 py-1.5 rounded-lg text-neutral-600 hover:text-brand-600 hover:bg-neutral-50"
          >
            Features
          </button>
          <button
            class="text-sm font-semibold leading-6 transition duration-200 px-3 py-1.5 rounded-lg text-neutral-600 hover:text-brand-600 hover:bg-neutral-50"
          >
            About
          </button>
        </div>
        <div
          class="hidden lg:flex lg:flex-1 lg:justify-end"
        >
          <button
            class="text-sm font-bold leading-6 text-white bg-neutral-900 px-5 py-2.5 rounded-xl shadow-md hover:bg-neutral-800 hover:shadow-lg transition-all transform hover:-translate-y-0.5"
          >
            Log in with Google
          </button>
        </div>
      </nav>
      <div
        style="position: fixed; top: 1px; left: 1px; width: 1px; height: 0px; padding: 0px; margin: -1px; overflow: hidden; clip: rect(0px, 0px, 0px, 0px); white-space: nowrap; border-width: 0px; display: none;"
      />
    </header>
    <div
      class="relative isolate px-6 pt-24 lg:px-8"
    >
      <div
        aria-hidden="true"
        class="absolute inset-x-0 -top-40 -z-10 transform-gpu overflow-hidden blur-3xl sm:-top-80"
      >
        <div
          class="relative left-[calc(50%-15rem)] aspect-[1155/678] w-[36.125rem] -translate-x-1/2 rotate-[30deg] bg-gradient-to-tr from-brand-300 to-accent-200 opacity-20 sm:left-[calc(50%-30rem)] sm:w-[72.1875rem] animate-pulseGlow"
        />
      </div>
      <div
        class="mx-auto max-w-4xl py-12 sm:py-20 lg:py-24"
      >
        <div
          class="hidden sm:mb-8 sm:flex sm:justify-center animate-fadeInUp"
        >
          <div
            class="relative rounded-full px-4 py-1.5 text-xs leading-6 text-neutral-600 ring-1 ring-neutral-200/80 bg-white/60 backdrop-blur-sm hover:ring-brand-300 transition duration-300"
          >
            Discover our brand new Groq AI generator.
             
            <a
              class="font-semibold text-brand-600 ml-1 hover:underline"
              href="/createRecipe"
              rel="noopener noreferrer"
              target="_blank"
            >
              Learn more 
              <span
                aria-hidden="true"
              >
                →
              </span>
            </a>
          </div>
        </div>
        <div
          class="animate-fadeInUp mx-auto flex max-w-3xl flex-col items-center text-center gap-8 py-16 md:py-24 px-4"
        >
          <div
            class="inline-flex items-center space-x-2 bg-brand-100/70 border border-brand-200/50 rounded-full px-4 py-1.5 text-xs font-semibold text-brand-800 backdrop-blur-md animate-float"
          >
            <span>
              ✨ Supercharged by Groq AI
            </span>
          </div>
          <h1
            class="text-5xl md:text-6xl font-black tracking-tight text-neutral-900 leading-tight"
          >
            Whip Up 
            <span
              class="text-gradient-gold"
            >
              Culinary Magic
            </span>
          </h1>
          <p
            class="text-lg leading-relaxed text-neutral-600 max-w-xl"
          >
            Instantly transform the ingredients in your fridge into mouthwatering, personalized recipes. Perfect meals, tailored by AI.
          </p>
          <button
            class="group relative flex items-center justify-center rounded-xl bg-gradient-to-r from-brand-500 to-brand-600 px-8 py-4 text-base font-bold text-white shadow-xl glow-gold hover:from-brand-600 hover:to-brand-700 transition duration-300 transform hover:-translate-y-0.5"
          >
            Get started
            <span
              class="ml-2 group-hover:translate-x-1 transition-transform"
            >
              →
            </span>
          </button>
        </div>
      </div>
      <div
        aria-hidden="true"
        class="absolute inset-x-0 top-[calc(100%-13rem)] -z-10 transform-gpu overflow-hidden blur-3xl sm:top-[calc(100%-30rem)]"
      >
        <div
          class="relative left-[calc(50%+3rem)] aspect-[1155/678] w-[36.125rem] -translate-x-1/2 bg-gradient-to-tr from-accent-200 to-brand-200 opacity-20 sm:left-[calc(50%+36rem)] sm:w-[72.1875rem] animate-pulseGlow"
        />
      </div>
    </div>
  </div>
</div>
`;
